[static.movavi.com/frontend/1661749263/assets/loadjs.min.js]
[backblue.gif]
[fade.gif]
[index.html]
[static.movavi.com/frontend/1661749263/assets/customers.min.js]
[www.googleoptimize.com/optimizee56b.js]
[www.google-analytics.com/analytics.js]
[static.movavi.com/frontend/1661749263/assets/styles/movavi/main.css]
[static.movavi.com/frontend/1661749263/assets/styles/sro/blocks/sro-main-features.css]
[static.movavi.com/frontend/1661749263/assets/styles/sro/blocks/sro-menu.css]
[static.movavi.com/frontend/1661749263/assets/styles/movavi/components/nav.css]
[static.movavi.com/frontend/1661749263/assets/styles/movavi/components/buttons-store.css]
[static.movavi.com/frontend/1661749263/assets/css/page-specific/main-page.css]
[new-img.movavi.com/pages/0012/87/214b2068fffa1c5cd3992f9bdb1c96fdd88e014e.png]
[new-img.movavi.com/products/0013/06/a05f2e48662e7fc26e655245ee12c26a311c4491.png]
[new-img.movavi.com/products/0013/06/ea419cbc3c078fecba975d9d223e8511396befed.png]
[static.movavi.com/frontend/1661749263/assets/styles/movavi/components/custom-form.css]
[static.movavi.com/frontend/1661749263/assets/styles/movavi/blocks/custom-accordion.css]
[static.movavi.com/frontend/1661749263/assets/styles/movavi/components/modal.css]
[static.movavi.com/frontend/1661749263/assets/styles/movavi/components/close.css]
[static.movavi.com/frontend/1661749263/assets/styles/movavi/blocks/footer.css]
[static.movavi.com/frontend/1661749263/assets/styles/movavi/components/tooltip.css]
[static.movavi.com/frontend/1661749263/assets/styles/movavi/components/theme-product.css]
[static.movavi.com/frontend/1661749263/assets/styles/movavi/components/custom-checkbox-radio.css]
[static.movavi.com/frontend/1661749263/assets/styles/movavi/components/movavi-loader.css]
[static.movavi.com/frontend/1661749263/assets/styles/movavi/components/custom-scrollbar.css]
[static.movavi.com/frontend/1661749263/assets/styles/movavi/blocks/social.css]
[static.movavi.com/frontend/1661749263/assets/sprite.localstorage.min.js]
[polyfill.io/v3/polyfill.minbffa.js]
[static.movavi.com/frontend/1661749263/assets/scripts/libs/cookies.js]
[static.movavi.com/frontend/1661749263/assets/js/components/lazyload.js]
[static.movavi.com/frontend/1661749263/assets/scripts/movavi/top-popup-gdpr.js]
[static.movavi.com/frontend/1661749263/assets/scripts/vendor/animate.scroll.js]
[static.movavi.com/frontend/1661749263/assets/scripts/vendor/anchor.js]
[static.movavi.com/frontend/1661749263/assets/scripts/bootstrap/components/collapse.js]
[static.movavi.com/frontend/1661749263/assets/scripts/sro/recorder-init.js]
[static.movavi.com/frontend/1661749263/assets/scripts/movavi/mobile-popup-subscribe-and-send-program.js]
[static.movavi.com/frontend/1661749263/assets/scripts/sro/sro-menu.js]
[static.movavi.com/frontend/1661749263/assets/js/components/slick.js]
[static.movavi.com/frontend/1661749263/assets/js/components/content-replacer.js]
[static.movavi.com/frontend/1661749263/assets/scripts/bootstrap/components/modal.js]
[static.movavi.com/frontend/1661749263/assets/scripts/bootstrap/components/tooltip.js]
[static.movavi.com/frontend/1661749263/assets/analytics.min.js]
[cdn.paddle.com/paddle/paddle.js]
[www.screencapture.com/index.html]
[static.movavi.com/frontend/1661749263/assets/loadjs.min.js]
[static.movavi.com/frontend/1661749263/assets/customers.min.js]
[www.screencapture.com/movavi.com.html]
[www.screencapture.com/sync-ga.html]
[static.movavi.com/frontend/1661749263/assets/styles/movavi/main.css]
[static.movavi.com/frontend/1661749263/assets/styles/sro/blocks/sro-main-features.css]
[static.movavi.com/frontend/1661749263/assets/styles/sro/blocks/sro-menu.css]
[static.movavi.com/frontend/1661749263/assets/styles/movavi/components/nav.css]
[static.movavi.com/frontend/1661749263/assets/styles/movavi/components/buttons-store.css]
[static.movavi.com/frontend/1661749263/assets/css/page-specific/main-page.css]
[new-img.movavi.com/pages/0012/96/782f9500f351f8eb674f2434d9c45c841309460e.png]
[new-img.movavi.com/pages/0012/95/f7770f208a582894707cf9bc5f79011e0adea895.jpg]
[new-img.movavi.com/products/0012/82/a407395a92044af54f4ed0700bece76bba9f61c7.png]
[new-img.movavi.com/products/0012/82/4e71a51caa6588eeb0ba204967d08ca6a3e7ffcf.png]
[static.movavi.com/frontend/1661749263/assets/css/block-specific/screenshots-slider.css]
[static.movavi.com/frontend/1661749263/assets/css/components/flags.css]
[static.movavi.com/frontend/1661749263/assets/css/block-specific/tech-specs.css]
[www.screencapture.com/webcam-recorder.html]
[www.screencapture.com/blog/index3cb3.html]
[www.screencapture.com/pricing3cb3.html]
[new-img.movavi.com/pages/0012/78/f093c35a42a6690102810637fa2f8effc32215aa.jpg]
[new-img.movavi.com/pages/0012/78/0372094725b6188c52408655721f8ed7a2ed6adc.jpg]
[new-img.movavi.com/pages/0012/78/ff6ddb3c7495691e5d9c1235210b0e7b297411d2.jpg]
[new-img.movavi.com/pages/0012/78/47d988c646d4d0004d8fd2d530b58f18f78cfdd5.jpg]
[new-img.movavi.com/pages/0012/78/1a692d62342a15ff1ceb9ff478703fffe9ea7723.jpg]
[new-img.movavi.com/pages/0012/78/fa5ba42009031be3255b56e36e06a802621c74fa.jpg]
[new-img.movavi.com/default/0012/78/23851f937333bb933f933e83e5a5815bf0420bd0.jpg]
[static.movavi.com/frontend/1661749263/assets/js/components/animate.scroll.js]
[static.movavi.com/frontend/1661749263/assets/js/components/anchor.js]
[static.movavi.com/frontend/1661749263/assets/scripts/movavi/vimeo.js]
[www.screencapture.com/learn-how-to-allow.html]
[www.screencapture.com/de/index.html]
[www.screencapture.com/fr/index.html]
[www.screencapture.com/it/index.html]
[www.screencapture.com/es/index.html]
[www.screencapture.com/zh/index.html]
[static.movavi.com/frontend/1661749263/assets/styles/movavi/components/dropdown.css]
[static.movavi.com/frontend/1661749263/assets/scripts/sro/validation-contact-form.js]
[static.movavi.com/frontend/1661749263/assets/scripts/bootstrap/components/dropdown.js]
[static.movavi.com/frontend/1661749263/assets/scripts/movavi/custom-select.js]
[www.screencapture.com/contact-us.html]
[static.movavi.com/frontend/1661749263/assets/scripts/bootstrap/custom-components/tab.js]
[www.screencapture.com/screencapture-privacy.html]
[www.screencapture.com/screencapture-tos.html]
[www.screencapture.com/screencapture-eula.html]
[www.screencapture.com/screencapture-refund-policy.html]
[static.movavi.com/frontend/1661749263/assets/styles/movavi/components/custom-form.css]
[static.movavi.com/frontend/1661749263/assets/styles/movavi/blocks/custom-accordion.css]
[static.movavi.com/frontend/1661749263/assets/styles/movavi/components/modal.css]
[static.movavi.com/frontend/1661749263/assets/styles/movavi/components/close.css]
[static.movavi.com/frontend/1661749263/assets/styles/movavi/blocks/footer.css]
[static.movavi.com/frontend/1661749263/assets/styles/movavi/components/tooltip.css]
[static.movavi.com/frontend/1661749263/assets/styles/movavi/components/theme-product.css]
[static.movavi.com/frontend/1661749263/assets/styles/movavi/components/custom-checkbox-radio.css]
[static.movavi.com/frontend/1661749263/assets/styles/movavi/components/movavi-loader.css]
[static.movavi.com/frontend/1661749263/assets/styles/movavi/components/custom-scrollbar.css]
[static.movavi.com/frontend/1661749263/assets/styles/movavi/blocks/social.css]
[static.movavi.com/frontend/1661749263/assets/sprite.localstorage.min.js]
[static.movavi.com/frontend/1661749263/assets/scripts/libs/cookies.js]
[static.movavi.com/frontend/1661749263/assets/js/components/lazyload.js]
[static.movavi.com/frontend/1661749263/assets/scripts/movavi/top-popup-gdpr.js]
[static.movavi.com/frontend/1661749263/assets/scripts/vendor/animate.scroll.js]
[static.movavi.com/frontend/1661749263/assets/scripts/vendor/anchor.js]
[static.movavi.com/frontend/1661749263/assets/scripts/bootstrap/components/collapse.js]
[www.google.com/recaptcha/apibbe5.js]
[static.movavi.com/frontend/1661749263/assets/scripts/sro/recorder-init.js]
[static.movavi.com/frontend/1661749263/assets/scripts/movavi/mobile-popup-subscribe-and-send-program.js]
[static.movavi.com/frontend/1661749263/assets/scripts/sro/sro-menu.js]
[static.movavi.com/frontend/1661749263/assets/js/components/slick.js]
[static.movavi.com/frontend/1661749263/assets/js/components/content-replacer.js]
[static.movavi.com/frontend/1661749263/assets/scripts/bootstrap/components/modal.js]
[static.movavi.com/frontend/1661749263/assets/scripts/bootstrap/components/tooltip.js]
[static.movavi.com/frontend/1661749263/assets/analytics.min.js]
[www.screencapture.com/link.html]
[www.screencapture.com/document.location.href.html]
[www.screencapture.com/ecommerce.html]
[www.googletagmanager.com/gtm5445.html]
[static.movavi.com/frontend/1661749263/assets/css/main.css]
[static.movavi.com/frontend/1661749263/assets/css/page-specific/422.css]
[static.movavi.com/frontend/1661749263/assets/styles/movavi/components/label.css]
[static.movavi.com/frontend/1661749263/assets/css/template-specific/redesign/components/label.css]
[static.movavi.com/frontend/1661749263/assets/css/template-specific/redesign/components/main-menu.css]
[static.movavi.com/frontend/1661749263/assets/styles/movavi/blocks/search-form-header.css]
[new-img.movavi.com/pages/0012/06/6219c20152e3fadab424341a03fa6cdde5419186.png]
[new-img.movavi.com/fonts/fontello/fontello-d1f69d20/css/movavi-icons.css]
[new-img.movavi.com/fonts/fontello/fontello-d1f69d20/css/animation.css]
[static.movavi.com/frontend/1661749263/assets/css/template-specific/footer.css]
[static.movavi.com/frontend/1661749263/assets/css/page-specific/extended-custom-link.css]
[static.movavi.com/frontend/1661749263/assets/scripts/movavi/main-menu.js]
[static.movavi.com/frontend/1661749263/assets/scripts/movavi/search-form-header.js]
[static.movavi.com/frontend/1661749263/assets/js/components/popup_gdpr.js]
[static.movavi.com/frontend/1661749263/assets/js/components/subscribeForm.js]
[static.movavi.com/frontend/1661749263/assets/js/components/support-phone.js]
[static.movavi.com/frontend/1661749263/assets/js/components/top-popup-gdpr.js]
[www.screencapture.com/de/webcam-recorder.html]
[www.screencapture.com/fr/webcam-recorder.html]
[www.screencapture.com/it/webcam-recorder.html]
[www.screencapture.com/es/webcam-recorder.html]
[www.dropbox.com/static/api/2/dropins.js]
[www.screencapture.com/zh/webcam-recorder.html]
[www.screencapture.com/get.html]
[new-img.movavi.com/block-specific/screenshots-slider/notebook_bg.png]
[static.movavi.com/frontend/1661749263/assets/css/block-specific/screenshots-slider.css]
[static.movavi.com/frontend/1661749263/assets/css/components/flags.css]
[static.movavi.com/frontend/1661749263/assets/css/block-specific/tech-specs.css]
[www.screencapture.com/blog/index.html]
[www.screencapture.com/blog/movavi.com.html]
[www.screencapture.com/de/blog/index.html]
[www.screencapture.com/fr/blog/index.html]
[www.screencapture.com/it/blog/index.html]
[www.screencapture.com/es/blog/index.html]
[www.screencapture.com/zh/blog/index.html]
[static.movavi.com/frontend/1661749263/assets/styles/movavi/blocks/table.css]
[static.movavi.com/frontend/1661749263/assets/styles/movavi/blocks/table-narrow.css]
[new-img.movavi.com/pages/0013/09/97f6346d411df30519d57396039e2ae73578ef06.jpg]
[new-img.movavi.com/pages/0012/79/11342bf264c8171fa8222b649b9981bfac518069.jpg]
[new-img.movavi.com/pages/0013/05/6da30280084da7a5cd98d3f8e67fb81f581b8e34.jpg]
[new-img.movavi.com/pages/0012/79/e548b75ece119f64a73e10dd0bf0acc33012ad05.jpg]
[new-img.movavi.com/pages/0013/04/1af4a2a1c540d3016ff8a4703e13a4b4b1ee91d0.jpg]
[new-img.movavi.com/pages/0012/98/c55a536b3d119e7b9ceeaabc322530f133fc7e5d.jpg]
[new-img.movavi.com/pages/0012/79/b329ad87dffe2c9a72bca5ac27b5f735faaf836b.jpg]
[new-img.movavi.com/pages/0012/79/c0965c03ffeeeb53b201c8080c2844c64539b0db.jpg]
[new-img.movavi.com/pages/0012/79/a05b5cd8a4815bf942b00e0015fd3821449fd426.jpg]
[new-img.movavi.com/pages/0012/98/2c69a4a84667254b058ce4a7d7b2bddd2e06df7d.png]
[new-img.movavi.com/pages/0012/98/45b4ed8b41d20a4ff7248d54c5c2b09e05806d57.png]
[new-img.movavi.com/pages/0012/98/9498e89199a76c226419edbf5be9256d394e6387.png]
[new-img.movavi.com/pages/0013/31/bb69224f612ed6f7de2b13450a889813d6a2d82c.jpg]
[new-img.movavi.com/pages/0013/31/fd02fa315923e5c9800dcdadef93e1c85d52ba1b.jpg]
[new-img.movavi.com/pages/0013/31/05e2ac8b3640321df5b890fa868449cf7b5149cc.jpg]
[new-img.movavi.com/pages/0013/31/106ad476c6e305c609c68d7b47adb0dfef82266f.jpg]
[new-img.movavi.com/pages/0012/98/d1b79d35656ab12659eff3574e98cf3b121ae320.png]
[new-img.movavi.com/pages/0012/98/a811be2243834abd9d1588badce967e4a811a357.png]
[new-img.movavi.com/pages/0012/98/c69d9b90453a67b956149416c52761c89977740e.png]
[static.movavi.com/frontend/1661749263/assets/styles/movavi/blocks/fixed-menu.css]
[static.movavi.com/frontend/1661749263/assets/styles/movavi/blocks/intro-banner-how-to.css]
[static.movavi.com/frontend/1661749263/assets/styles/movavi/blocks/sticky-nav.css]
[static.movavi.com/frontend/1661749263/assets/scripts/libs/stickyfill.js]
[static.movavi.com/frontend/1661749263/assets/scripts/bootstrap/components/scrollspy.js]
[static.movavi.com/frontend/1661749263/assets/scripts/movavi/sticky-sidebar.js]
[static.movavi.com/frontend/1661749263/assets/scripts/movavi/navigation-sidebar.js]
[www.screencapture.com/blog/how-to-record-system-audio.html]
[static.movavi.com/frontend/1661749263/assets/js/components/collapse.js]
[new-img.movavi.com/pages/0012/79/6e721d4b6ef09da434951b26f6fcf264e260c958.jpg]
[new-img.movavi.com/pages/0013/04/8ed4e25dbd0a9323400f820e889f57c97a7114ff.jpg]
[new-img.movavi.com/pages/0013/04/a75a6c2d725e2ed4467b3ffe20ccd909c4e5052d.jpg]
[new-img.movavi.com/pages/0012/95/11c407c34e7923b627bbfb61578f14a969820f62.jpg]
[new-img.movavi.com/pages/0012/98/109eb6c330f711a619a9186365c705560eeebb5c.jpg]
[new-img.movavi.com/pages/0012/98/ace386bd1dcd8ba3d212b200a40ad0b3ba557e29.jpg]
[new-img.movavi.com/pages/0012/98/b5c0fbbc9941e79276bb05dd1f49e64e0131b33a.jpg]
[new-img.movavi.com/pages/0012/98/8d83b04e0b950b3c477caf0285f4bfc04ead944e.jpg]
[new-img.movavi.com/pages/0012/98/99eaeaaaa815ccf9d730afcdc49359c2711741e1.jpg]
[new-img.movavi.com/pages/0012/98/ff74f3b9c16e61262e2b35c6f5f473c3134f25fb.jpg]
[new-img.movavi.com/pages/0012/98/0a66ed34a7e3b6418e0cce750484e5a852b6099f.jpg]
[new-img.movavi.com/pages/0012/98/8d8205b2369a9d498ccaceb02bb053476025fb95.jpg]
[new-img.movavi.com/pages/0012/98/2643dcc489b72618d9f9e46eeea19b1f16b277be.jpg]
[new-img.movavi.com/pages/0012/98/8044116e6b29d08691a0cef019ed9ba7b2c0f1f0.jpg]
[new-img.movavi.com/pages/0012/98/548f8a2881fac026c1637e772122b6e7193a878f.jpg]
[new-img.movavi.com/pages/0012/98/7218d8a1d167e70372f7f23e85b87357e924f4b9.jpg]
[new-img.movavi.com/pages/0012/79/c651ff9d0dc5acf29fa0ce794bca1a2b867f22c0.jpg]
[new-img.movavi.com/pages/0012/79/05c85a4c18e530c9d543e3759d1d783bf61b0539.jpg]
[new-img.movavi.com/pages/0012/79/5172e94a1df1875e1affc7d9621cc544e0951b27.jpg]
[new-img.movavi.com/pages/0012/79/771fafc2c75b190d768c6aff6c418b3304769ca1.jpg]
[www.screencapture.com/blog/how-to-record-screen-windows-10.html]
[new-img.movavi.com/pages/0012/79/7e40ba7a50726125ebdfc74a5bce6eb821dbb144.jpg]
[new-img.movavi.com/pages/0013/33/d5c572b97bc648544f70db14aebb99211f94bc87.jpg]
[new-img.movavi.com/pages/0012/94/32c2ed281a4e862a580e9d9daf10a98a64a06587.jpg]
[new-img.movavi.com/pages/0013/05/cfd4d9e01c2ffb4d9de4be2c2c92f184704f014c.jpg]
[new-img.movavi.com/pages/0012/98/7ac1c870aded640332352c6369755674c6c8942f.jpg]
[new-img.movavi.com/pages/0012/98/5a64a410a4be3c44ffb76bbc4245306dec171060.jpg]
[new-img.movavi.com/pages/0012/98/c9e993f14d48965c369b409781f7b16c76cc3b4c.jpg]
[new-img.movavi.com/pages/0012/98/1452f6aee92c96d9e15b0aa9909076f72304aa42.jpg]
[new-img.movavi.com/pages/0012/79/fe6498fe2c8390159123755421ae187ab404d2c3.jpg]
[new-img.movavi.com/pages/0012/79/84ecd059873013c4d745603f7551a7f79b3fd5c2.jpg]
[new-img.movavi.com/pages/0012/79/86d548ff93de5ecacb89478113381871f7531bf6.jpg]
[new-img.movavi.com/pages/0012/79/bd6abcd52083e7022860a4fc2a1eeb959f8acb4f.jpg]
[www.screencapture.com/blog/how-to-record-skype-calls.html]
[new-img.movavi.com/pages/0012/79/cff52d430a640ee67589d23aab7b08d6102a780a.jpg]
[new-img.movavi.com/pages/0013/33/9a775863f3bdd921cdfa91d665d921d8461db468.jpg]
[new-img.movavi.com/pages/0013/32/efcd0bf9de7efe5323b2cbdb82ff7b44b217a25b.jpg]
[new-img.movavi.com/pages/0012/98/9632d8762c65bd051c311f95a10935bc7fed1ba6.jpg]
[new-img.movavi.com/pages/0012/79/f93d2de8b11f39e56c3da3a485a918331ca7f546.jpg]
[new-img.movavi.com/pages/0012/79/b54e102dbd94d3873f808632e3fd2ec04c632770.jpg]
[new-img.movavi.com/default/0012/98/5cb52a0e7bd26298c6dd41bae87964146f235a85.jpg]
[new-img.movavi.com/pages/0012/98/5436f5aeb2f9f4b8a53cb381fd0b52b19be19d46.jpg]
[new-img.movavi.com/pages/0012/98/42b299988925e2535194e3f53299c27825ab05f3.jpg]
[new-img.movavi.com/pages/0012/98/3c0684732ae812c7354d7438e84fc703f96623f4.jpg]
[new-img.movavi.com/pages/0012/98/f50f726ac60f6ee839edac688463524e7f6a08e2.jpg]
[new-img.movavi.com/pages/0012/98/2367ec183e1b441daf3a4f602659a875e7e72656.jpg]
[new-img.movavi.com/pages/0012/98/a893816bb59f6fa153d4d8c7c09f4e28bec8ecb8.jpg]
[www.screencapture.com/blog/how-to-record-google-hangouts.html]
[static.movavi.com/frontend/1661749263/assets/css/block-specific/product-of-the-page.css]
[new-img.movavi.com/pages/0012/79/a8c65e4d1a4522541a3de51065a0efbaa9bd7dc9.jpg]
[new-img.movavi.com/pages/0013/35/cf11c00d8ff140b3cb74e0e22dee20f1230b21bb.jpg]
[new-img.movavi.com/pages/0013/05/e8051517fdff68bf2890696cc6a5376838f1c122.jpg]
[new-img.movavi.com/pages/0013/05/6770a24fa8e1f6d11fd05a78c11408b0cd5e5e0e.jpg]
[new-img.movavi.com/pages/0013/05/78a0a4e7075210e32102711046ac075096cb81ef.jpg]
[new-img.movavi.com/pages/0013/05/7a4cf124782f4919393d4ff265a414f7c85f1fa6.jpg]
[new-img.movavi.com/pages/0013/05/2eeddc59b493cb73f156a4ada6972a21e3f75b77.jpg]
[new-img.movavi.com/pages/0013/05/b686b434d849014c905170f4b6f97038933596c2.jpg]
[static.movavi.com/frontend/1661749263/assets/css/template-specific/howto-page/index.css]
[static.movavi.com/frontend/1661749263/assets/css/template-specific/howto-page/howto-compression.css]
[static.movavi.com/frontend/1661749263/assets/css/block-specific/step-list.css]
[static.movavi.com/frontend/1661749263/assets/css/block-specific/accordion-main.css]
[static.movavi.com/frontend/1661749263/assets/css/block-specific/animated-round-tabs.css]
[static.movavi.com/frontend/1661749263/assets/js/components/howto-pages.js]
[www.screencapture.com/blog/how-to-record-whatsapp-calls.html]
[new-img.movavi.com/pages/0012/79/28b67a13229aed93f1502e6629ff2c7a1e60643c.jpg]
[new-img.movavi.com/pages/0013/04/b830147990f3964211745f10165a137e272e3d22.jpg]
[new-img.movavi.com/pages/0013/05/77ad35894074804b0e39bcd1d3c0dc3836aae5a4.jpg]
[new-img.movavi.com/pages/0012/27/1c8cebe6ce5910b38f6b3264d325506161870180.jpg]
[new-img.movavi.com/pages/0012/98/db2f33f78c20865da14f4313c08bed5d4146786a.jpg]
[new-img.movavi.com/pages/0012/98/d1fe5f69097fc7cf29717f1e785e7fae12a82a9c.jpg]
[new-img.movavi.com/pages/0012/98/19aa8418ce41cba631428a8d2efebd0a7dc72c0d.jpg]
[new-img.movavi.com/pages/0012/98/13e09e9e65c3e864bb969d14e8dac01f2606e115.jpg]
[new-img.movavi.com/pages/0012/98/b8f416cb72901e56fcd3ecc6abd8fcea23d66c4a.jpg]
[new-img.movavi.com/pages/0012/98/5329938afd4c8b58106d3fa378a76600f4271018.jpg]
[new-img.movavi.com/pages/0013/31/018b3ca3cb90d983bc524f6eb4826fbbbf16b13b.jpg]
[new-img.movavi.com/pages/0012/98/d15b90adc66cb876bb291212f2e7c1f02b3717c1.jpg]
[new-img.movavi.com/pages/0012/98/5d099c322692672e1fc5b037de36e8af9dc13763.jpg]
[new-img.movavi.com/pages/0012/98/11879cc9afe3194e037818f075424dbb6c58cef6.jpg]
[new-img.movavi.com/pages/0012/98/e618cbcc601ed5db81702fcd2e43412b98f1f18e.jpg]
[new-img.movavi.com/pages/0012/79/402e6051acf4a5aed77a131facaaca109830b3f7.jpg]
[new-img.movavi.com/pages/0012/79/ecef7e8f3606dd630f2dba5fdf71038de8ac89ee.jpg]
[new-img.movavi.com/pages/0012/79/41f72b0465e9727d5420c89341a75516b2e0c0e1.jpg]
[www.screencapture.com/blog/how-to-record-streaming-video.html]
[new-img.movavi.com/pages/0013/05/715025ee1fd1bc599f4442854f3f8beda3c1b126.jpg]
[new-img.movavi.com/pages/0013/31/003ffb747109b6150ed948ab464a63480a385488.jpg]
[new-img.movavi.com/pages/0012/79/c49a4d21aaf15af594807ac27a818d714bcaf84b.jpg]
[new-img.movavi.com/pages/0012/79/d990d5ee785b98fabf6542435f07130695b4e2d1.jpg]
[new-img.movavi.com/pages/0012/79/fc3c0c9d105e44d0cb38d3ec801c927d4b1bac85.jpg]
[new-img.movavi.com/pages/0013/31/87abd7f7e805d029c785bd1ecb43a8ad910a6912.jpg]
[new-img.movavi.com/pages/0012/100/5bd7449b892158a3d69ca98c95c1241df8948e24.jpg]
[new-img.movavi.com/pages/0012/100/5c7e8091811944b0ba7e0e8f8c462fa51558ce45.jpg]
[new-img.movavi.com/pages/0013/31/6156a63e3092f97cae1ff9b901a29a7f95d8afb6.jpg]
[new-img.movavi.com/pages/0013/01/412d27cbb678bda6c04f58bb01e8944833ca11af.jpg]
[new-img.movavi.com/pages/0013/01/f258cf1ee70cb82819d56ce0aa3f95b83cdafc10.jpg]
[new-img.movavi.com/pages/0012/100/7d16d5153ec6bdcb630ccce2795991f26684d45d.jpg]
[new-img.movavi.com/pages/0012/100/cecf5a2ae2965b19e35c2854461c04bc7422b34c.jpg]
[static.movavi.com/frontend/1661749263/assets/styles/movavi/blocks/subscribe-block.css]
[static.movavi.com/frontend/1661749263/assets/styles/movavi/components/embed.css]
[static.movavi.com/frontend/1661749263/assets/scripts/movavi/subscribe-validation-with-new-input.js]
[www.screencapture.com/blog/how-to-record-streaming-audio.html]
[new-img.movavi.com/pages/0012/82/3bfff4f0f33d5ff5957d30d02a3138180231df14.jpg]
[new-img.movavi.com/pages/0012/86/074b38725d1ec27088c148361e652d4768da7f34.jpg]
[new-img.movavi.com/pages/0012/82/a77a1b089eb18fb572cc894c49b1f52383d119a7.jpg]
[new-img.movavi.com/pages/0012/85/58f9cf2ff14c1beaed3bf99e7dbb1266f8b53f7e.jpg]
[new-img.movavi.com/pages/0012/82/3b91f5f1f255854258a9d4e6f685e0e08c8e937a.jpg]
[new-img.movavi.com/pages/0012/82/d01c1c75d7911d4c9d3856ce32246f9119028e17.jpg]
[new-img.movavi.com/pages/0012/82/406c875c17f9f5594c497818dacce823cafe3462.jpg]
[new-img.movavi.com/pages/0012/82/e735631d268cfa6e7faf577a506341c8bff2571a.jpg]
[new-img.movavi.com/pages/0012/82/a8a4a05d1debdee4b9abea84d460a90c893c21f4.jpg]
[new-img.movavi.com/pages/0012/82/fb07f70762a85e4724edd6bea88e349b87469d05.jpg]
[new-img.movavi.com/pages/0012/82/0246b79b14ad7192fc21bf56f9a2a5cc44c40259.jpg]
[new-img.movavi.com/pages/0012/82/646a43df6053a6a6c2bb980b27fb2e22259dd8b1.jpg]
[new-img.movavi.com/pages/0012/82/d91b38b1e652302355ee2f909962b1c0880fcda3.jpg]
[new-img.movavi.com/pages/0012/82/8809abc83e15e6cf509bf94fa600a51c38738c3f.jpg]
[new-img.movavi.com/pages/0012/82/16cc4515990a844a76e19b98a7a0b0a1ff4028c7.jpg]
[new-img.movavi.com/pages/0012/82/15328ee48a440b65097f0761a723e4bf4f238a63.jpg]
[new-img.movavi.com/pages/0012/82/7cba7f7431bfae9e6ecfcbf0ebf3bd99fff77bb3.jpg]
[new-img.movavi.com/pages/0013/32/65272bf122f28523fdff13e91a4a6d8c9adb1877.jpg]
[new-img.movavi.com/pages/0013/32/3afe0c2a4ffd2588320b496880c0a5188d699ed5.jpg]
[new-img.movavi.com/pages/0013/32/23e0ef15973bfa3418a0b9b1ef51055d74066acd.jpg]
[new-img.movavi.com/pages/0013/32/586ef34d61a2649ddc130c06841d98da6f1ca5d6.jpg]
[www.screencapture.com/blog/best-chrome-screenshot-extensions.html]
[new-img.movavi.com/pages/0012/82/37059c3e92837dfa55f93d0e710018937fd54bba.jpg]
[new-img.movavi.com/pages/0012/87/6c6cf17e1fd15f3adc8aaa8ee4fd9377d3a7fa73.jpg]
[new-img.movavi.com/pages/0012/86/4d32c712af202e2f5ac0a3e58cf77ba59a4a90eb.jpg]
[new-img.movavi.com/pages/0013/33/b2975a093659b3c7d0c2f1554aa657b298838269.jpg]
[new-img.movavi.com/pages/0012/82/b9deea365ce93ee7225cbc44188186f3446d91bc.jpg]
[new-img.movavi.com/pages/0012/82/9b80090f856d5bbdc608221c9c54c479bd9ac385.jpg]
[new-img.movavi.com/pages/0012/82/f153b491e4d72ad69c6befdafd602c7514a42381.jpg]
[new-img.movavi.com/pages/0012/82/65a0e20c7bba0d0e19acb45cd93ccbf28219fce2.jpg]
[new-img.movavi.com/pages/0012/82/57992e5d5018deef2fec5b047061e4ab33297af5.jpg]
[new-img.movavi.com/pages/0012/82/c2ca088e226a14405515089c97fe21d8a907d35f.jpg]
[new-img.movavi.com/pages/0012/82/38947c34b3e7392827957a465b24cade100962b0.jpg]
[new-img.movavi.com/pages/0012/82/0bec075738b28de8b8da9db9b44c02478600a73d.jpg]
[new-img.movavi.com/pages/0012/82/0fe6131dcfde574506935a9ab7b899e572fbd285.jpg]
[new-img.movavi.com/pages/0012/82/5e9f145657f87e5d6c58e7aae21ad65e8d26e759.jpg]
[new-img.movavi.com/pages/0012/82/2017298eb725e600df2d800fc62ef81f6333958f.jpg]
[www.screencapture.com/blog/how-to-take-a-screenshot-on-chrome.html]
[new-img.movavi.com/pages/0012/86/ed15e67ede7e0b679b1b0ed9ecd8f4f298674d8f.html]
[www.screencapture.com/blog/scrolling-screenshot-on-mac.html]
[www.screencapture.com/blog/how-to-screenshot-entire-page-on-mac.html]
[www.screencapture.com/blog/full-page-screen-capture.html]
[www.screencapture.com/blog/best-streaming-audio-recorders.html]
[www.screencapture.com/blog/how-to-screen-record.html]
[www.screencapture.com/blog/best-screen-recorders-windows-7.html]
[www.screencapture.com/blog/best-video-grabber.html]
[www.screencapture.com/blog/best-desktop-recorders.html]
[www.screencapture.com/blog/how-to-screen-record-on-mac-with-sound.html]
[www.screencapture.com/blog/record-flash-video.html]
[www.screencapture.com/blog/how-to-record-audio-on-mac.html]
[www.screencapture.com/blog/how-to-download-a-video-from-a-website.html]
[www.screencapture.com/blog/mp3-grabber.html]
[www.screencapture.com/blog/best-free-video-capture-software.html]
[www.screencapture.com/blog/how-to-record-video-on-pc.html]
[www.screencapture.com/blog/download-podcasts.html]
[www.screencapture.com/blog/how-to-download-instagram-videos-on-pc.html]
[www.screencapture.com/blog/best-online-video-downloaders.html]
[www.screencapture.com/blog/youtube-recording-software.html]
[www.screencapture.com/blog/best-youtube-downloaders.html]
[www.screencapture.com/blog/screencast-software.html]
[www.screencapture.com/blog/best-screen-recorders-for-android.html]
[www.screencapture.com/blog/best-audio-recording-software.html]
[www.screencapture.com/blog/screencast-o-matic-review.html]
[www.screencapture.com/blog/youtube-alternative.html]
[www.screencapture.com/blog/record-discord-audio.html]
[www.screencapture.com/blog/how-to-screen-record-on-hp-laptop.html]
[www.screencapture.com/blog/use-your-phone-as-webcam.html]
[www.screencapture.com/blog/how-to-record-microsoft-teams-meeting.html]
[www.screencapture.com/blog/microsoft-teams-recording-location.html]
[www.screencapture.com/blog/best-skype-recorders.html]
[www.screencapture.com/blog/link.html]
[www.screencapture.com/blog/document.location.href.html]
[www.screencapture.com/blog/ecommerce.html]
[www.screencapture.com/pricing.html]
[www.screencapture.com/de/pricing.html]
[www.screencapture.com/fr/pricing.html]
[www.screencapture.com/it/pricing.html]
[www.screencapture.com/es/pricing.html]
[www.screencapture.com/zh/pricing.html]
[www.screencapture.com/de/learn-how-to-allow.html]
[www.screencapture.com/fr/learn-how-to-allow.html]
[www.screencapture.com/it/learn-how-to-allow.html]
[www.screencapture.com/es/learn-how-to-allow.html]
[www.screencapture.com/zh/learn-how-to-allow.html]
[www.screencapture.com/index303f.html]
[static.movavi.com/frontend/1661749263/assets/js/components/animate.scroll.js]
[static.movavi.com/frontend/1661749263/assets/js/components/anchor.js]
[static.movavi.com/frontend/1661749263/assets/scripts/movavi/vimeo.js]
[www.screencapture.com/de/movavi.com.html]
[www.screencapture.com/de/blog/index3cb3.html]
[www.screencapture.com/de/pricing3cb3.html]
[www.screencapture.com/de/contact-us.html]
[www.screencapture.com/de/link.html]
[www.screencapture.com/de/document.location.href.html]
[www.screencapture.com/de/ecommerce.html]
[www.screencapture.com/fr/movavi.com.html]
[www.screencapture.com/fr/blog/index3cb3.html]
[www.screencapture.com/fr/pricing3cb3.html]
[www.screencapture.com/fr/contact-us.html]
[www.screencapture.com/fr/link.html]
[www.screencapture.com/fr/document.location.href.html]
[www.screencapture.com/fr/ecommerce.html]
[www.screencapture.com/it/movavi.com.html]
[www.screencapture.com/it/blog/index3cb3.html]
[www.screencapture.com/it/pricing3cb3.html]
[www.screencapture.com/it/contact-us.html]
[www.screencapture.com/it/screencapture-privacy.html]
[www.screencapture.com/it/screencapture-tos.html]
[www.screencapture.com/it/screencapture-eula.html]
[www.screencapture.com/it/screencapture-refund-policy.html]
[www.screencapture.com/it/link.html]
[www.screencapture.com/it/document.location.href.html]
[www.screencapture.com/it/ecommerce.html]
[www.screencapture.com/es/movavi.com.html]
[www.screencapture.com/es/blog/index3cb3.html]
[www.screencapture.com/es/pricing3cb3.html]
[www.screencapture.com/es/contact-us.html]
[www.screencapture.com/es/screencapture-privacy.html]
[www.screencapture.com/es/screencapture-tos.html]
[www.screencapture.com/es/screencapture-eula.html]
[www.screencapture.com/es/screencapture-refund-policy.html]
[www.screencapture.com/es/link.html]
[www.screencapture.com/es/document.location.href.html]
[www.screencapture.com/es/ecommerce.html]
[www.screencapture.com/zh/movavi.com.html]
[www.screencapture.com/zh/blog/index3cb3.html]
[www.screencapture.com/zh/pricing3cb3.html]
[www.screencapture.com/zh/contact-us.html]
[www.screencapture.com/zh/screencapture-privacy.html]
[www.screencapture.com/zh/screencapture-tos.html]
[www.screencapture.com/zh/screencapture-eula.html]
[www.screencapture.com/zh/screencapture-refund-policy.html]
[www.screencapture.com/zh/link.html]
[www.screencapture.com/zh/document.location.href.html]
[www.screencapture.com/zh/ecommerce.html]
[static.movavi.com/frontend/1661749263/assets/styles/movavi/components/dropdown.css]
[static.movavi.com/frontend/1661749263/assets/scripts/sro/validation-contact-form.js]
[static.movavi.com/frontend/1661749263/assets/scripts/bootstrap/components/dropdown.js]
[static.movavi.com/frontend/1661749263/assets/scripts/movavi/custom-select.js]
[static.movavi.com/frontend/1661749263/assets/scripts/bootstrap/custom-components/tab.js]
[www.screencapture.com/de/screencapture-privacy.html]
[www.screencapture.com/fr/screencapture-privacy.html]
[www.screencapture.com/de/screencapture-tos.html]
[www.screencapture.com/fr/screencapture-tos.html]
[www.screencapture.com/de/screencapture-eula.html]
[www.screencapture.com/fr/screencapture-eula.html]
[www.screencapture.com/de/screencapture-refund-policy.html]
[www.screencapture.com/fr/screencapture-refund-policy.html]
[www.screencapture.com/; path=/index.html]
[static.movavi.com/frontend/1661749263/assets/css/main.css]
[static.movavi.com/frontend/1661749263/assets/css/page-specific/422.css]
[static.movavi.com/frontend/1661749263/assets/styles/movavi/components/label.css]
[static.movavi.com/frontend/1661749263/assets/css/template-specific/redesign/components/label.css]
[static.movavi.com/frontend/1661749263/assets/css/template-specific/redesign/components/main-menu.css]
[static.movavi.com/frontend/1661749263/assets/styles/movavi/blocks/search-form-header.css]
[new-img.movavi.com/fonts/fontello/fontello-d1f69d20/css/movavi-icons.css]
[new-img.movavi.com/fonts/fontello/fontello-d1f69d20/css/animation.css]
[static.movavi.com/frontend/1661749263/assets/css/template-specific/footer.css]
[static.movavi.com/frontend/1661749263/assets/css/page-specific/extended-custom-link.css]
[static.movavi.com/frontend/1661749263/assets/scripts/movavi/main-menu.js]
[static.movavi.com/frontend/1661749263/assets/scripts/movavi/search-form-header.js]
[static.movavi.com/frontend/1661749263/assets/js/components/popup_gdpr.js]
[static.movavi.com/frontend/1661749263/assets/js/components/subscribeForm.js]
[static.movavi.com/frontend/1661749263/assets/js/components/support-phone.js]
[static.movavi.com/frontend/1661749263/assets/js/components/top-popup-gdpr.js]
[www.screencapture.com/zh/support/trial-limitations.html]
[www.screencapture.com/de/blog/movavi.com.html]
[www.screencapture.com/de/blog/how-to-record-system-audio.html]
[www.screencapture.com/de/blog/how-to-record-screen-windows-10.html]
[www.screencapture.com/de/blog/how-to-record-skype-calls.html]
[www.screencapture.com/de/blog/how-to-record-whatsapp-calls.html]
[www.screencapture.com/de/blog/how-to-record-streaming-video.html]
[www.screencapture.com/de/blog/how-to-take-a-screenshot-on-chrome.html]
[www.screencapture.com/de/blog/link.html]
[www.screencapture.com/de/blog/document.location.href.html]
[www.screencapture.com/de/blog/ecommerce.html]
[www.screencapture.com/fr/blog/movavi.com.html]
[www.screencapture.com/fr/blog/how-to-record-system-audio.html]
[www.screencapture.com/fr/blog/how-to-record-skype-calls.html]
[www.screencapture.com/fr/blog/how-to-record-whatsapp-calls.html]
[www.screencapture.com/fr/blog/link.html]
[www.screencapture.com/fr/blog/document.location.href.html]
[www.screencapture.com/fr/blog/ecommerce.html]
[www.screencapture.com/it/blog/movavi.com.html]
[www.screencapture.com/it/blog/how-to-record-system-audio.html]
[www.screencapture.com/it/blog/how-to-record-screen-windows-10.html]
[www.screencapture.com/it/blog/how-to-record-skype-calls.html]
[www.screencapture.com/it/blog/how-to-record-streaming-video.html]
[www.screencapture.com/it/blog/how-to-take-a-screenshot-on-chrome.html]
[www.screencapture.com/it/blog/full-page-screen-capture.html]
[www.screencapture.com/it/blog/best-online-video-downloaders.html]
[www.screencapture.com/it/blog/best-youtube-downloaders.html]
[www.screencapture.com/it/blog/link.html]
[www.screencapture.com/it/blog/document.location.href.html]
[www.screencapture.com/it/blog/ecommerce.html]
[www.screencapture.com/es/blog/movavi.com.html]
[www.screencapture.com/es/blog/how-to-record-system-audio.html]
[www.screencapture.com/es/blog/how-to-record-screen-windows-10.html]
[www.screencapture.com/es/blog/how-to-record-skype-calls.html]
[www.screencapture.com/es/blog/how-to-record-whatsapp-calls.html]
[www.screencapture.com/es/blog/how-to-screenshot-entire-page-on-mac.html]
[www.screencapture.com/es/blog/link.html]
[www.screencapture.com/es/blog/document.location.href.html]
[www.screencapture.com/es/blog/ecommerce.html]
[www.screencapture.com/zh/blog/movavi.com.html]
[www.screencapture.com/zh/blog/record-pc-audio.html]
[www.screencapture.com/zh/blog/record-google-meet.html]
[www.screencapture.com/zh/blog/download-streaming-video.html]
[www.screencapture.com/zh/blog/link.html]
[www.screencapture.com/zh/blog/document.location.href.html]
[www.screencapture.com/zh/blog/ecommerce.html]
[static.movavi.com/frontend/1661749263/assets/styles/movavi/blocks/table.css]
[static.movavi.com/frontend/1661749263/assets/styles/movavi/blocks/table-narrow.css]
[static.movavi.com/frontend/1661749263/assets/styles/movavi/blocks/fixed-menu.css]
[static.movavi.com/frontend/1661749263/assets/styles/movavi/blocks/intro-banner-how-to.css]
[static.movavi.com/frontend/1661749263/assets/styles/movavi/blocks/sticky-nav.css]
[static.movavi.com/frontend/1661749263/assets/scripts/libs/stickyfill.js]
[static.movavi.com/frontend/1661749263/assets/scripts/bootstrap/components/scrollspy.js]
[static.movavi.com/frontend/1661749263/assets/scripts/movavi/sticky-sidebar.js]
[static.movavi.com/frontend/1661749263/assets/scripts/movavi/navigation-sidebar.js]
[static.movavi.com/frontend/1661749263/assets/js/components/collapse.js]
[www.screencapture.com/fr/blog/how-to-record-screen-windows-10.html]
[www.screencapture.com/zh/blog/how-to-record-screen-windows-10.html]
[www.screencapture.com/zh/blog/how-to-record-skype-calls.html]
[www.screencapture.com/buy-screencapture-online.html]
[www.screencapture.com/de/blog/how-to-record-google-hangouts.html]
[www.screencapture.com/fr/blog/how-to-record-google-hangouts.html]
[www.screencapture.com/it/blog/how-to-record-google-hangouts.html]
[www.screencapture.com/es/blog/how-to-record-google-hangouts.html]
[static.movavi.com/frontend/1661749263/assets/css/block-specific/product-of-the-page.css]
[www.screencapture.com/it/blog/how-to-record-whatsapp-calls.html]
[www.screencapture.com/zh/blog/how-to-record-whatsapp-calls.html]
[static.movavi.com/frontend/1661749263/assets/css/template-specific/howto-page/index.css]
[static.movavi.com/frontend/1661749263/assets/css/template-specific/howto-page/howto-compression.css]
[static.movavi.com/frontend/1661749263/assets/css/block-specific/step-list.css]
[static.movavi.com/frontend/1661749263/assets/css/block-specific/accordion-main.css]
[static.movavi.com/frontend/1661749263/assets/css/block-specific/animated-round-tabs.css]
[static.movavi.com/frontend/1661749263/assets/js/components/howto-pages.js]
[www.screencapture.com/fr/blog/how-to-record-streaming-video.html]
[www.screencapture.com/es/blog/how-to-record-streaming-video.html]
[www.screencapture.com/de/blog/how-to-record-streaming-audio.html]
[www.screencapture.com/fr/blog/how-to-record-streaming-audio.html]
[www.screencapture.com/it/blog/how-to-record-streaming-audio.html]
[www.screencapture.com/es/blog/how-to-record-streaming-audio.html]
[www.screencapture.com/zh/blog/how-to-record-streaming-audio.html]
[static.movavi.com/frontend/1661749263/assets/styles/movavi/blocks/subscribe-block.css]
[static.movavi.com/frontend/1661749263/assets/styles/movavi/components/embed.css]
[static.movavi.com/frontend/1661749263/assets/scripts/movavi/subscribe-validation-with-new-input.js]
[www.screencapture.com/de/blog/best-chrome-screenshot-extensions.html]
[www.screencapture.com/fr/blog/best-chrome-screenshot-extensions.html]
[www.screencapture.com/it/blog/best-chrome-screenshot-extensions.html]
[www.screencapture.com/es/blog/best-chrome-screenshot-extensions.html]
[www.screencapture.com/zh/blog/best-chrome-screenshot-extensions.html]
[www.screencapture.com/fr/blog/how-to-take-a-screenshot-on-chrome.html]
[www.screencapture.com/es/blog/how-to-take-a-screenshot-on-chrome.html]
[www.screencapture.com/zh/blog/how-to-take-a-screenshot-on-chrome.html]
[www.screencapture.com/de/blog/scrolling-screenshot-on-mac.html]
[www.screencapture.com/fr/blog/scrolling-screenshot-on-mac.html]
[www.screencapture.com/it/blog/scrolling-screenshot-on-mac.html]
[www.screencapture.com/es/blog/scrolling-screenshot-on-mac.html]
[www.screencapture.com/zh/blog/scrolling-screenshot-on-mac.html]
